// Jest Snapshot v1, https://goo.gl/fbAQLP

exports[`App component render without error 1`] = `
<div>
  <div
    class="App"
  >
    <div
      data-testid="navbar"
    >
      <div>
        <nav
          class="navbar"
        >
          <img
            alt="logo"
            class="navbar__logo"
            src="logo.svg"
          />
          <ul
            class="navbar__list"
          >
            <li>
              <a
                class="navbar__list-item"
                href="/"
              >
                Home
              </a>
            </li>
            <li>
              <a
                class="navbar__list-item"
                href="/portfolio"
              >
                Portfolio
              </a>
            </li>
            <li>
              <a
                class="navbar__list-item"
                href="/contact"
              >
                Contact
              </a>
            </li>
          </ul>
        </nav>
        <div
          data-testid="home-section"
          id="home"
        >
          <section
            class="hero-section"
          >
            <div
              class="hero-section__background"
            >
              <div
                class="react-parallax "
                style="position: relative; overflow: hidden;"
              >
                <img
                  alt=""
                  class="react-parallax-bgimage"
                  src="heroimage.jpg"
                  style="position: absolute; left: 50%; transform: translate3d(-50%, 0, 0); opacity: 0.9;"
                />
                <div
                  class="react-parallax-content"
                  style="position: relative;"
                >
                  <div
                    class="dark-layer text-center"
                  >
                    <div
                      class="center-div undefined"
                      style="height: 100vh; width: 100%;"
                    >
                      <p
                        class="hero-section__intro"
                      >
                        Hello I'm
                      </p>
                      <p
                        class="hero-section__name"
                      >
                        XXXX
                      </p>
                      <p
                        class="hero-section__jobtitle"
                      >
                        UI Developer. UX Desinger. Problem Solver.
                      </p>
                      <div>
                        <button
                          class="btn__ghost-btn"
                        >
                          Info
                        </button>
                        <button
                          class="btn__ghost-btn"
                        >
                          Portfolio
                        </button>
                      </div>
                    </div>
                  </div>
                </div>
              </div>
            </div>
          </section>
          <section
            class="aboutme-section"
          >
            <div
              class="react-parallax "
              style="position: relative; overflow: hidden;"
            >
              <img
                alt="aboutMe"
                class="react-parallax-bgimage"
                src="aboutme.jpg"
                style="position: absolute; left: 50%; transform: translate3d(-50%, 0, 0); opacity: 0.9;"
              />
              <div
                class="react-parallax-content"
                style="position: relative;"
              >
                <div
                  class="white-layer"
                >
                  <div
                    class="center-div undefined"
                  >
                    <p
                      class="aboutme-section__intro"
                    >
                      About me
                    </p>
                    <i
                      class="aboutme-section__subintro"
                    >
                      Sharing a little bit of my story...
                    </i>
                  </div>
                  <div
                    class="ui container pl-60 pr-60"
                  >
                    <p
                      class="aboutme-section__header"
                    >
                      General Overview
                    </p>
                    <p
                      class="aboutme-section__text"
                    >
                      Lorem Ipsum is simply dummy text of the printing and typesetting industry. Lorem Ipsum has been the industry's standard dummy text ever since the 1500s, when an unknown printer took a galley of type and scrambled it to make a type specimen book. It has survived not only five centuries, but also the leap into electronic typesetting, remaining essentially unchanged. It was popularised in the 1960s with the release of Letraset sheets containing Lorem Ipsum passages, and more recently with desktop publishing software like Aldus PageMaker including versions of Lorem Ipsum
                    </p>
                    <p
                      class="aboutme-section__header"
                    >
                      Statistics
                    </p>
                    <i
                      class="aboutme-section__text"
                    >
                      And for those that don't fancy reading:
                    </i>
                    <p
                      class="aboutme-section__text"
                    >
                      Male, 200 years old. 
                      <br />
                      Five feet 110 inches 
                      <br />
                      Favorite fonts:Roboto 
                      <br />
                      Loves to learn new things
                    </p>
                    <div
                      class="center-div undefined"
                    >
                      <button
                        class="btn__ghost-btn--black mb-50"
                      >
                        <a
                          href="#contact"
                        >
                          Contact
                        </a>
                      </button>
                      <div
                        class="mb-50"
                      />
                    </div>
                  </div>
                </div>
              </div>
            </div>
          </section>
          <section
            alt="responsive"
            class="responsive-section"
          >
            <div
              class="react-parallax "
              style="position: relative; overflow: hidden;"
            >
              <img
                alt=""
                class="react-parallax-bgimage"
                src="architecture-2178604_1920-main1.jpg"
                style="position: absolute; left: 50%; transform: translate3d(-50%, 0, 0); opacity: 0.9;"
              />
              <div
                class="react-parallax-content"
                style="position: relative;"
              >
                <div
                  class="center-div__column-row  pl-50 pr-50 pt-60 pb-60 "
                  style="background-color: black; opacity: 0.8; min-height: 600px;"
                >
                  <div
                    class="ui centered grid"
                  >
                    <div
                      class="row"
                    >
                      <div
                        class="seven wide computer sixteen wide mobile eight wide tablet column"
                      >
                        <div
                          class="center-div__column-row undefined"
                        >
                          <div
                            class="ui grid"
                          >
                            <div
                              class="three wide computer sixteen wide mobile six wide tablet column"
                            >
                              <img
                                class="responsive-section__image"
                                src="developerdesign.png"
                              />
                            </div>
                            <div
                              class="ten wide computer sixteen wide mobile ten wide tablet column"
                            >
                              <div>
                                <p
                                  class="responsive-section__header-text"
                                >
                                  Development and Design
                                </p>
                                <p
                                  class="responsive-section__body-text"
                                >
                                  I aim to put my creativity to the test, designing and building unique, meaningful products for clients or merely for my own interests.
                                </p>
                              </div>
                            </div>
                          </div>
                        </div>
                      </div>
                      <div
                        class="seven wide computer sixteen wide mobile eight wide tablet column"
                      >
                        <div
                          class="center-div__column-row undefined"
                        >
                          <div
                            class="ui grid"
                          >
                            <div
                              class="three wide computer sixteen wide mobile six wide tablet column"
                            >
                              <img
                                class="responsive-section__image"
                                src="responsivedesign.png"
                              />
                            </div>
                            <div
                              class="ten wide computer sixteen wide mobile ten wide tablet column"
                            >
                              <div>
                                <p
                                  class="responsive-section__header-text"
                                >
                                  Responsive Layouts
                                </p>
                                <p
                                  class="responsive-section__body-text"
                                >
                                  Development and design isn't merely putting information on the site or preferred media outlet. I organize content and present information in an engaging fashion, driving new and unique layouts in tandem with novel solutions and cool animations.
                                </p>
                              </div>
                            </div>
                          </div>
                        </div>
                      </div>
                    </div>
                    <div
                      class="mb-50"
                    />
                    <div
                      class="row"
                    >
                      <div
                        class="seven wide computer sixteen wide mobile eight wide tablet column"
                      >
                        <div
                          class="center-div__column-row undefined"
                        >
                          <div
                            class="ui grid"
                          >
                            <div
                              class="three wide computer sixteen wide mobile six wide tablet column"
                            >
                              <img
                                class="responsive-section__image"
                                src="innovativesolutions.png"
                              />
                            </div>
                            <div
                              class="ten wide computer sixteen wide mobile ten wide tablet column"
                            >
                              <div>
                                <p
                                  class="responsive-section__header-text"
                                >
                                  Ideas and Solutions
                                </p>
                                <p
                                  class="responsive-section__body-text"
                                >
                                  There are still many problems that exist in today's society, including laziness. Luckily, I hope to combat these issues by innovating, developing easy-to-use programs, solutions, or products.
                                </p>
                              </div>
                            </div>
                          </div>
                        </div>
                      </div>
                      <div
                        class="seven wide computer sixteen wide mobile eight wide tablet column"
                      >
                        <div
                          class="center-div__column-row undefined"
                        >
                          <div
                            class="ui grid"
                          >
                            <div
                              class="three wide computer sixteen wide mobile six wide tablet column"
                            >
                              <img
                                class="responsive-section__image"
                                src="passion.png"
                              />
                            </div>
                            <div
                              class="ten wide computer sixteen wide mobile ten wide tablet column"
                            >
                              <div>
                                <p
                                  class="responsive-section__header-text"
                                >
                                  Passion and Dedication
                                </p>
                                <p
                                  class="responsive-section__body-text"
                                >
                                  With my profound interest and commitment to my field of study, my projects rarely go unfinished and my problems are never left unresolved.
                                </p>
                              </div>
                            </div>
                          </div>
                        </div>
                      </div>
                    </div>
                  </div>
                </div>
              </div>
            </div>
          </section>
          <section
            id="portfolio"
          >
            <div
              class="portfolio mb-60"
            >
              <div
                class="pt-60"
              />
              <div
                class="center-div undefined"
              >
                <p
                  class="portfolio-section__intro"
                  data-testid="portfolio-header"
                >
                  Projects and Portfolio
                </p>
                <i
                  class="portfolio-section__subintro mb-50"
                >
                  Sharing my endeavors and passions...
                </i>
                <div
                  class="mb-50"
                />
                <div
                  class="ui container three column grid"
                >
                  <div
                    class="five wide computer sixteen wide mobile eight wide tablet column"
                  >
                    <div>
                      <div
                        class="item"
                        style="background-image: url(luvtalklogo.png); width: 100%; background-position: center; background-size: cover;"
                      >
                        <div
                          class="dark-layer item-layer"
                          style="width: 100%;"
                        >
                          <div
                            class="center-div undefined"
                          >
                            <p
                              class="portfolio-section__header"
                            >
                              LUV TALK Website
                            </p>
                            <div
                              class="mb-50"
                              style="width: 90%; text-align: center;"
                            >
                              <p>
                                Website, created during my first internship, which utilized HTML, CSS, PHP, Ajax, Javascript/jQuery, and Wordpress.
                              </p>
                            </div>
                            <button
                              class="btn__ghost-btn mb-50"
                            >
                              <a
                                href="#"
                              >
                                More
                              </a>
                            </button>
                          </div>
                        </div>
                      </div>
                    </div>
                  </div>
                  <div
                    class="five wide computer sixteen wide mobile eight wide tablet column"
                  >
                    <div>
                      <div
                        class="item"
                        style="background-image: url(logo.svg); width: 100%; background-position: center; background-size: cover;"
                      >
                        <div
                          class="dark-layer item-layer"
                          style="width: 100%;"
                        >
                          <div
                            class="center-div undefined"
                          >
                            <p
                              class="portfolio-section__header"
                            >
                              Personal Website
                            </p>
                            <div
                              class="mb-50"
                              style="width: 90%; text-align: center;"
                            >
                              <p>
                                Enjoyable side project that was created to experiment with more HTML and CSS, but also provided an outlet to showcase my abilities and interests.
                              </p>
                            </div>
                            <button
                              class="btn__ghost-btn mb-50"
                            >
                              <a
                                href="#"
                              >
                                More
                              </a>
                            </button>
                          </div>
                        </div>
                      </div>
                    </div>
                  </div>
                  <div
                    class="five wide computer sixteen wide mobile eight wide tablet column"
                  >
                    <div>
                      <div
                        class="item"
                        style="background-image: url(mlbproject.png); width: 100%; background-position: center; background-size: cover;"
                      >
                        <div
                          class="dark-layer item-layer"
                          style="width: 100%;"
                        >
                          <div
                            class="center-div undefined"
                          >
                            <p
                              class="portfolio-section__header"
                            >
                              Strike Zone Analysis
                            </p>
                            <div
                              class="mb-50"
                              style="width: 90%; text-align: center;"
                            >
                              <p>
                                Data analytics project completed during my time at the Illinois Math and Science Academy which studied the baseball strike zone based on the state of the game.
                              </p>
                            </div>
                            <button
                              class="btn__ghost-btn mb-50"
                            >
                              <a
                                href="#"
                              >
                                More
                              </a>
                            </button>
                          </div>
                        </div>
                      </div>
                    </div>
                  </div>
                </div>
                <div
                  class="mt-60"
                />
                <button
                  class="btn__ghost-btn "
                >
                  <a
                    href="#"
                  >
                    More Projects
                  </a>
                </button>
                <div
                  class="mb-50"
                />
              </div>
            </div>
          </section>
          <section
            id="contact"
          >
            <div
              class="contact pl-60 pr-60"
            >
              <div
                class="center-div undefined"
              >
                <p
                  class="contact-section__intro text-center"
                  data-testid="contact-header"
                >
                  Contact
                </p>
                <i
                  class="contact-section__subintro text-center"
                >
                  "XXXXXXXXXXX"
                  <br />
                  -XXXXXXXXXXXX
                </i>
                <div
                  class="ui container pr-60 pl-60"
                  style="width: 80%;"
                >
                  <div
                    class="ui centered middle aligned two column grid"
                  >
                    <div
                      class="row"
                    >
                      <div
                        class="eight wide computer sixteen wide mobile eight wide tablet column"
                      >
                        <p
                          class="contact-section__header"
                        >
                          Reaching out to me
                        </p>
                        <p>
                          Don't be afraid to contact me! I'm happy to answer any questions, provide more information, or just have a nice conversation! Fill out the form below to being reaching out to me. If you prefer another email client other than your default, which will appear after clicking the button and have all of the information you just entered, you can email me at XXXXX.
                        </p>
                        <p
                          class="contact-section__header"
                        >
                          Contact Information
                        </p>
                        <p>
                          XXXX 
                          <br />
                           XXXX 
                          <br />
                           (XXXX)-445-7747 
                          <br />
                           
                          XXXXXX@gmail.com
                        </p>
                      </div>
                      <div
                        class="eight wide computer sixteen wide mobile eight wide tablet column"
                      >
                        <div
                          class="mt-50"
                        />
                        <form>
                          <div
                            class="ui grid"
                          >
                            <div
                              class="eight wide computer sixteen wide mobile eight wide tablet column"
                            >
                              <p
                                class="contact-section__form-title"
                              >
                                First Name *
                              </p>
                              <input
                                class="contact-section__form-input"
                              />
                            </div>
                            <div
                              class="eight wide computer sixteen wide mobile eight wide tablet column"
                            >
                              <p
                                class="contact-section__form-title"
                              >
                                Last Name *
                              </p>
                              <input
                                class="contact-section__form-input"
                              />
                            </div>
                            <div
                              class="sixteen wide computer sixteen wide mobile sixteen wide tablet column"
                            >
                              <p
                                class="contact-section__form-title"
                              >
                                Email *
                              </p>
                              <input
                                class="contact-section__form-input"
                              />
                            </div>
                            <div
                              class="sixteen wide computer sixteen wide mobile sixteen wide tablet column"
                            >
                              <p
                                class="contact-section__form-title"
                              >
                                Message *
                              </p>
                              <input
                                class="contact-section__form-input"
                              />
                            </div>
                          </div>
                        </form>
                        <div
                          class="center-div undefined"
                        >
                          <div
                            class="mt-60"
                          />
                          <button
                            class="btn__ghost-btn mb-50 "
                          >
                            <a
                              href="#"
                            >
                              Submit
                            </a>
                          </button>
                        </div>
                      </div>
                    </div>
                  </div>
                </div>
              </div>
            </div>
          </section>
        </div>
      </div>
    </div>
    <div
      class="footer-section"
      data-testid="footer"
    >
      <div
        class="center-div undefined"
      >
        <div
          class="mt-50"
        />
        <div
          class="ui centered grid"
        >
          <div
            class="center-div undefined"
          >
            <div
              class="ui grid"
            >
              <div
                class="row"
              >
                <div
                  class="four wide computer sixteen wide mobile column"
                >
                  <img
                    alt="logo"
                    class="icon"
                    data-testid="1"
                    src="facebook.svg"
                  />
                </div>
                <div
                  class="four wide computer sixteen wide mobile column"
                >
                  <img
                    alt="logo"
                    class="icon"
                    data-testid="2"
                    src="linkedin.svg"
                  />
                </div>
                <div
                  class="four wide computer sixteen wide mobile column"
                >
                  <img
                    alt="logo"
                    class="icon"
                    data-testid="3"
                    src="pinterest.svg"
                  />
                </div>
                <div
                  class="four wide computer sixteen wide mobile column"
                >
                  <img
                    alt="logo"
                    class="icon"
                    data-testid="4"
                    src="email.svg"
                  />
                </div>
              </div>
            </div>
          </div>
          <div
            class="row"
          >
            <div
              class="ui centered grid"
            >
              <div
                class="eight wide computer eight wide mobile eight wide tablet column"
              >
                <p>
                  Phone: XXXXXX
                </p>
              </div>
              <div
                class="eight wide computer eight wide mobile eight wide tablet column"
              >
                <p>
                  Email: XXXXX@gmail.com
                </p>
              </div>
            </div>
          </div>
          <div
            class="centered row"
          >
            <div
              class="center-div undefined"
            >
              <div
                class="ui grid"
                data-testid="grid"
              >
                <div
                  class="three wide computer sixteen wide mobile column"
                >
                  <div
                    class="footer-section__list"
                  >
                    <a
                      class="footer-section__list-header"
                    >
                      XXXXXX
                    </a>
                    <a
                      href="#"
                    >
                      Copyright © 2021
                    </a>
                    <a
                      href="#"
                    >
                      NY
                    </a>
                  </div>
                </div>
                <div
                  class="three wide computer sixteen wide mobile column"
                >
                  <div
                    class="footer-section__list"
                  >
                    <a
                      class="footer-section__list-header"
                      href="#home"
                    >
                      Home
                    </a>
                  </div>
                </div>
                <div
                  class="three wide computer sixteen wide mobile column"
                >
                  <div
                    class="footer-section__list"
                  >
                    <a
                      class="footer-section__list-header"
                      href="#portfolio"
                    >
                      Portfolio
                    </a>
                    <a
                      href="#"
                    >
                      Project 1
                    </a>
                    <a
                      href="#"
                    >
                      Project 2
                    </a>
                    <a
                      href="#"
                    >
                      Project 3
                    </a>
                    <a
                      href="#"
                    >
                      See All
                    </a>
                  </div>
                </div>
                <div
                  class="three wide computer sixteen wide mobile column"
                >
                  <div
                    class="footer-section__list"
                  >
                    <a
                      class="footer-section__list-header"
                      href="#portfolio"
                    >
                      Resume
                    </a>
                    <a
                      href="#home"
                    >
                      Download
                    </a>
                  </div>
                </div>
                <div
                  class="three wide computer sixteen wide mobile column"
                >
                  <div
                    class="footer-section__list"
                  >
                    <a
                      class="footer-section__list-header"
                      href="#contact"
                    >
                      Contact
                    </a>
                  </div>
                </div>
              </div>
            </div>
          </div>
        </div>
      </div>
    </div>
  </div>
</div>
`;
