// Jest Snapshot v1, https://goo.gl/fbAQLP

exports[`Footer Component render without error 1`] = `
<div>
  <div
    class="footer-section"
    data-testid="footer"
  >
    <div
      class="center-div undefined"
    >
      <div
        class="mt-50"
      />
      <div
        class="ui centered grid"
      >
        <div
          class="center-div undefined"
        >
          <div
            class="ui grid"
          >
            <div
              class="row"
            >
              <div
                class="four wide computer sixteen wide mobile column"
              >
                <img
                  alt="logo"
                  class="icon"
                  data-testid="1"
                  src="facebook.svg"
                />
              </div>
              <div
                class="four wide computer sixteen wide mobile column"
              >
                <img
                  alt="logo"
                  class="icon"
                  data-testid="2"
                  src="linkedin.svg"
                />
              </div>
              <div
                class="four wide computer sixteen wide mobile column"
              >
                <img
                  alt="logo"
                  class="icon"
                  data-testid="3"
                  src="pinterest.svg"
                />
              </div>
              <div
                class="four wide computer sixteen wide mobile column"
              >
                <img
                  alt="logo"
                  class="icon"
                  data-testid="4"
                  src="email.svg"
                />
              </div>
            </div>
          </div>
        </div>
        <div
          class="row"
        >
          <div
            class="ui centered grid"
          >
            <div
              class="eight wide computer eight wide mobile eight wide tablet column"
            >
              <p>
                Phone: XXXXXX
              </p>
            </div>
            <div
              class="eight wide computer eight wide mobile eight wide tablet column"
            >
              <p>
                Email: XXXXX@gmail.com
              </p>
            </div>
          </div>
        </div>
        <div
          class="centered row"
        >
          <div
            class="center-div undefined"
          >
            <div
              class="ui grid"
              data-testid="grid"
            >
              <div
                class="three wide computer sixteen wide mobile column"
              >
                <div
                  class="footer-section__list"
                >
                  <a
                    class="footer-section__list-header"
                  >
                    XXXXXX
                  </a>
                  <a
                    href="#"
                  >
                    Copyright Â© 2021
                  </a>
                  <a
                    href="#"
                  >
                    NY
                  </a>
                </div>
              </div>
              <div
                class="three wide computer sixteen wide mobile column"
              >
                <div
                  class="footer-section__list"
                >
                  <a
                    class="footer-section__list-header"
                    href="#home"
                  >
                    Home
                  </a>
                </div>
              </div>
              <div
                class="three wide computer sixteen wide mobile column"
              >
                <div
                  class="footer-section__list"
                >
                  <a
                    class="footer-section__list-header"
                    href="#portfolio"
                  >
                    Portfolio
                  </a>
                  <a
                    href="#"
                  >
                    Project 1
                  </a>
                  <a
                    href="#"
                  >
                    Project 2
                  </a>
                  <a
                    href="#"
                  >
                    Project 3
                  </a>
                  <a
                    href="#"
                  >
                    See All
                  </a>
                </div>
              </div>
              <div
                class="three wide computer sixteen wide mobile column"
              >
                <div
                  class="footer-section__list"
                >
                  <a
                    class="footer-section__list-header"
                    href="#portfolio"
                  >
                    Resume
                  </a>
                  <a
                    href="#home"
                  >
                    Download
                  </a>
                </div>
              </div>
              <div
                class="three wide computer sixteen wide mobile column"
              >
                <div
                  class="footer-section__list"
                >
                  <a
                    class="footer-section__list-header"
                    href="#contact"
                  >
                    Contact
                  </a>
                </div>
              </div>
            </div>
          </div>
        </div>
      </div>
    </div>
  </div>
</div>
`;
